

================================================================
== Vivado HLS Report for 'copy_local_beta'
================================================================
* Date:           Thu Jul 29 20:17:34 2021

* Version:        2018.2 (Build 2258646 on Thu Jun 14 20:25:20 MDT 2018)
* Project:        Yolo_demo
* Solution:       solution1
* Product family: zynq
* Target device:  xc7z020clg400-1


================================================================
== Performance Estimates
================================================================
+ Timing (ns): 
    * Summary: 
    +--------+-------+----------+------------+
    |  Clock | Target| Estimated| Uncertainty|
    +--------+-------+----------+------------+
    |ap_clk  |  10.00|     7.242|        1.25|
    +--------+-------+----------+------------+

+ Latency (clock cycles): 
    * Summary: 
    +-----+-----+-----+-----+---------+
    |  Latency  |  Interval | Pipeline|
    | min | max | min | max |   Type  |
    +-----+-----+-----+-----+---------+
    |    ?|    ?|    ?|    ?|   none  |
    +-----+-----+-----+-----+---------+

    + Detail: 
        * Instance: 
        N/A

        * Loop: 
        +----------+-----+-----+----------+-----------+-----------+------+----------+
        |          |  Latency  | Iteration|  Initiation Interval  | Trip |          |
        | Loop Name| min | max |  Latency |  achieved |   target  | Count| Pipelined|
        +----------+-----+-----+----------+-----------+-----------+------+----------+
        |- Loop 1  |    ?|    ?|         2|          1|          1|     ?|    yes   |
        +----------+-----+-----+----------+-----------+-----------+------+----------+



================================================================
== Utilization Estimates
================================================================
* Summary: 
+-----------------+---------+-------+--------+-------+
|       Name      | BRAM_18K| DSP48E|   FF   |  LUT  |
+-----------------+---------+-------+--------+-------+
|DSP              |        -|      -|       -|      -|
|Expression       |        -|      -|       0|   1220|
|FIFO             |        -|      -|       -|      -|
|Instance         |        -|      -|       -|      -|
|Memory           |        -|      -|       -|      -|
|Multiplexer      |        -|      -|       -|     54|
|Register         |        -|      -|    1133|      -|
+-----------------+---------+-------+--------+-------+
|Total            |        0|      0|    1133|   1274|
+-----------------+---------+-------+--------+-------+
|Available        |      280|    220|  106400|  53200|
+-----------------+---------+-------+--------+-------+
|Utilization (%)  |        0|      0|       1|      2|
+-----------------+---------+-------+--------+-------+

+ Detail: 
    * Instance: 
    N/A

    * DSP48: 
    N/A

    * Memory: 
    N/A

    * FIFO: 
    N/A

    * Expression: 
    +-----------------------------------+----------+-------+---+----+------------+------------+
    |           Variable Name           | Operation| DSP48E| FF| LUT| Bitwidth P0| Bitwidth P1|
    +-----------------------------------+----------+-------+---+----+------------+------------+
    |offset_1_fu_857_p2                 |     +    |      0|  0|  39|          32|           1|
    |tm_2_fu_842_p2                     |     +    |      0|  0|  38|          31|           1|
    |tmp_s_fu_837_p2                    |   icmp   |      0|  0|  18|          32|          32|
    |local_beta_buffer_0_1_fu_1388_p3   |  select  |      0|  0|  32|           1|          32|
    |local_beta_buffer_10_1_fu_1458_p3  |  select  |      0|  0|  32|           1|          32|
    |local_beta_buffer_11_1_fu_1465_p3  |  select  |      0|  0|  32|           1|          32|
    |local_beta_buffer_12_1_fu_1472_p3  |  select  |      0|  0|  32|           1|          32|
    |local_beta_buffer_13_1_fu_1479_p3  |  select  |      0|  0|  32|           1|          32|
    |local_beta_buffer_14_1_fu_1486_p3  |  select  |      0|  0|  32|           1|          32|
    |local_beta_buffer_15_1_fu_1493_p3  |  select  |      0|  0|  32|           1|          32|
    |local_beta_buffer_16_1_fu_1500_p3  |  select  |      0|  0|  32|           1|          32|
    |local_beta_buffer_17_1_fu_1507_p3  |  select  |      0|  0|  32|           1|          32|
    |local_beta_buffer_18_1_fu_1514_p3  |  select  |      0|  0|  32|           1|          32|
    |local_beta_buffer_19_1_fu_1521_p3  |  select  |      0|  0|  32|           1|          32|
    |local_beta_buffer_1_1_fu_1395_p3   |  select  |      0|  0|  32|           1|          32|
    |local_beta_buffer_20_1_fu_1528_p3  |  select  |      0|  0|  32|           1|          32|
    |local_beta_buffer_21_1_fu_1535_p3  |  select  |      0|  0|  32|           1|          32|
    |local_beta_buffer_22_1_fu_1542_p3  |  select  |      0|  0|  32|           1|          32|
    |local_beta_buffer_23_1_fu_1549_p3  |  select  |      0|  0|  32|           1|          32|
    |local_beta_buffer_24_1_fu_1556_p3  |  select  |      0|  0|  32|           1|          32|
    |local_beta_buffer_25_1_fu_1563_p3  |  select  |      0|  0|  32|           1|          32|
    |local_beta_buffer_26_1_fu_1570_p3  |  select  |      0|  0|  32|           1|          32|
    |local_beta_buffer_27_1_fu_1577_p3  |  select  |      0|  0|  32|           1|          32|
    |local_beta_buffer_28_1_fu_1584_p3  |  select  |      0|  0|  32|           1|          32|
    |local_beta_buffer_29_1_fu_1591_p3  |  select  |      0|  0|  32|           1|          32|
    |local_beta_buffer_2_1_fu_1402_p3   |  select  |      0|  0|  32|           1|          32|
    |local_beta_buffer_30_1_fu_1598_p3  |  select  |      0|  0|  32|           1|          32|
    |local_beta_buffer_31_1_fu_1605_p3  |  select  |      0|  0|  32|           1|          32|
    |local_beta_buffer_3_1_fu_1409_p3   |  select  |      0|  0|  32|           1|          32|
    |local_beta_buffer_4_1_fu_1416_p3   |  select  |      0|  0|  32|           1|          32|
    |local_beta_buffer_5_1_fu_1423_p3   |  select  |      0|  0|  32|           1|          32|
    |local_beta_buffer_6_1_fu_1430_p3   |  select  |      0|  0|  32|           1|          32|
    |local_beta_buffer_7_1_fu_1437_p3   |  select  |      0|  0|  32|           1|          32|
    |local_beta_buffer_8_1_fu_1444_p3   |  select  |      0|  0|  32|           1|          32|
    |local_beta_buffer_9_1_fu_1451_p3   |  select  |      0|  0|  32|           1|          32|
    |local_beta_buffer_fu_867_p2        |    shl   |      0|  0|  97|          31|          31|
    |ap_enable_pp0                      |    xor   |      0|  0|   2|           1|           2|
    |ap_enable_reg_pp0_iter1            |    xor   |      0|  0|   2|           2|           1|
    +-----------------------------------+----------+-------+---+----+------------+------------+
    |Total                              |          |      0|  0|1220|         161|        1092|
    +-----------------------------------+----------+-------+---+----+------------+------------+

    * Multiplexer: 
    +-------------------------+----+-----------+-----+-----------+
    |           Name          | LUT| Input Size| Bits| Total Bits|
    +-------------------------+----+-----------+-----+-----------+
    |ap_NS_fsm                |  21|          4|    1|          4|
    |ap_enable_reg_pp0_iter1  |  15|          3|    1|          3|
    |offset_reg_645           |   9|          2|   32|         64|
    |tm_reg_654               |   9|          2|   31|         62|
    +-------------------------+----+-----------+-----+-----------+
    |Total                    |  54|         11|   65|        133|
    +-------------------------+----+-----------+-----+-----------+

    * Register: 
    +------------------------------+----+----+-----+-----------+
    |             Name             | FF | LUT| Bits| Const Bits|
    +------------------------------+----+----+-----+-----------+
    |ap_CS_fsm                     |   3|   0|    3|          0|
    |ap_enable_reg_pp0_iter0       |   1|   0|    1|          0|
    |ap_enable_reg_pp0_iter1       |   1|   0|    1|          0|
    |local_beta_buffer10_s_fu_418  |  32|   0|   32|          0|
    |local_beta_buffer11_s_fu_406  |  32|   0|   32|          0|
    |local_beta_buffer12_s_fu_394  |  32|   0|   32|          0|
    |local_beta_buffer13_s_fu_382  |  32|   0|   32|          0|
    |local_beta_buffer14_s_fu_370  |  32|   0|   32|          0|
    |local_beta_buffer155_fu_358   |  32|   0|   32|          0|
    |local_beta_buffer165_fu_346   |  32|   0|   32|          0|
    |local_beta_buffer16_s_fu_206  |  32|   0|   32|          0|
    |local_beta_buffer17_s_fu_334  |  32|   0|   32|          0|
    |local_beta_buffer18_s_fu_322  |  32|   0|   32|          0|
    |local_beta_buffer19_s_fu_310  |  32|   0|   32|          0|
    |local_beta_buffer20_s_fu_298  |  32|   0|   32|          0|
    |local_beta_buffer21_s_fu_286  |  32|   0|   32|          0|
    |local_beta_buffer22_s_fu_274  |  32|   0|   32|          0|
    |local_beta_buffer23_s_fu_262  |  32|   0|   32|          0|
    |local_beta_buffer24_s_fu_250  |  32|   0|   32|          0|
    |local_beta_buffer25_s_fu_238  |  32|   0|   32|          0|
    |local_beta_buffer26_s_fu_226  |  32|   0|   32|          0|
    |local_beta_buffer27_s_fu_214  |  32|   0|   32|          0|
    |local_beta_buffer28_s_fu_202  |  32|   0|   32|          0|
    |local_beta_buffer299_fu_190   |  32|   0|   32|          0|
    |local_beta_buffer2_s_fu_230   |  32|   0|   32|          0|
    |local_beta_buffer30_s_fu_178  |  32|   0|   32|          0|
    |local_beta_buffer31_s_fu_166  |  32|   0|   32|          0|
    |local_beta_buffer3_s_fu_254   |  32|   0|   32|          0|
    |local_beta_buffer4_s_fu_278   |  32|   0|   32|          0|
    |local_beta_buffer5_s_fu_302   |  32|   0|   32|          0|
    |local_beta_buffer6_s_fu_326   |  32|   0|   32|          0|
    |local_beta_buffer7_s_fu_350   |  32|   0|   32|          0|
    |local_beta_buffer8_s_fu_374   |  32|   0|   32|          0|
    |local_beta_buffer9_s_fu_398   |  32|   0|   32|          0|
    |local_beta_buffer_s_fu_182    |  32|   0|   32|          0|
    |offset_reg_645                |  32|   0|   32|          0|
    |tm_reg_654                    |  31|   0|   31|          0|
    |tmp_cast_reg_2390             |   4|   0|   31|         27|
    |tmp_reg_2409                  |   5|   0|    5|          0|
    |write_flag10_fu_362           |   1|   0|    1|          0|
    |write_flag11_fu_242           |   1|   0|    1|          0|
    |write_flag12_fu_354           |   1|   0|    1|          0|
    |write_flag13_fu_342           |   1|   0|    1|          0|
    |write_flag14_fu_266           |   1|   0|    1|          0|
    |write_flag15_fu_338           |   1|   0|    1|          0|
    |write_flag16_fu_330           |   1|   0|    1|          0|
    |write_flag17_fu_290           |   1|   0|    1|          0|
    |write_flag18_fu_318           |   1|   0|    1|          0|
    |write_flag19_fu_314           |   1|   0|    1|          0|
    |write_flag1_fu_414            |   1|   0|    1|          0|
    |write_flag20_fu_306           |   1|   0|    1|          0|
    |write_flag21_fu_294           |   1|   0|    1|          0|
    |write_flag22_fu_282           |   1|   0|    1|          0|
    |write_flag23_fu_270           |   1|   0|    1|          0|
    |write_flag24_fu_258           |   1|   0|    1|          0|
    |write_flag25_fu_246           |   1|   0|    1|          0|
    |write_flag26_fu_234           |   1|   0|    1|          0|
    |write_flag27_fu_222           |   1|   0|    1|          0|
    |write_flag28_fu_210           |   1|   0|    1|          0|
    |write_flag29_fu_198           |   1|   0|    1|          0|
    |write_flag2_fu_410            |   1|   0|    1|          0|
    |write_flag30_fu_186           |   1|   0|    1|          0|
    |write_flag31_fu_174           |   1|   0|    1|          0|
    |write_flag3_fu_402            |   1|   0|    1|          0|
    |write_flag4_fu_194            |   1|   0|    1|          0|
    |write_flag5_fu_390            |   1|   0|    1|          0|
    |write_flag6_fu_386            |   1|   0|    1|          0|
    |write_flag7_fu_378            |   1|   0|    1|          0|
    |write_flag8_fu_218            |   1|   0|    1|          0|
    |write_flag9_fu_366            |   1|   0|    1|          0|
    |write_flag_fu_170             |   1|   0|    1|          0|
    +------------------------------+----+----+-----+-----------+
    |Total                         |1133|   0| 1160|         27|
    +------------------------------+----+----+-----+-----------+



================================================================
== Interface
================================================================
* Summary: 
+----------------------+-----+-----+------------+----------------------+--------------+
|       RTL Ports      | Dir | Bits|  Protocol  |     Source Object    |    C Type    |
+----------------------+-----+-----+------------+----------------------+--------------+
|ap_clk                |  in |    1| ap_ctrl_hs |    copy_local_beta   | return value |
|ap_rst                |  in |    1| ap_ctrl_hs |    copy_local_beta   | return value |
|ap_start              |  in |    1| ap_ctrl_hs |    copy_local_beta   | return value |
|ap_done               | out |    1| ap_ctrl_hs |    copy_local_beta   | return value |
|ap_idle               | out |    1| ap_ctrl_hs |    copy_local_beta   | return value |
|ap_ready              | out |    1| ap_ctrl_hs |    copy_local_beta   | return value |
|ap_return_0           | out |   32| ap_ctrl_hs |    copy_local_beta   | return value |
|ap_return_1           | out |   32| ap_ctrl_hs |    copy_local_beta   | return value |
|ap_return_2           | out |   32| ap_ctrl_hs |    copy_local_beta   | return value |
|ap_return_3           | out |   32| ap_ctrl_hs |    copy_local_beta   | return value |
|ap_return_4           | out |   32| ap_ctrl_hs |    copy_local_beta   | return value |
|ap_return_5           | out |   32| ap_ctrl_hs |    copy_local_beta   | return value |
|ap_return_6           | out |   32| ap_ctrl_hs |    copy_local_beta   | return value |
|ap_return_7           | out |   32| ap_ctrl_hs |    copy_local_beta   | return value |
|ap_return_8           | out |   32| ap_ctrl_hs |    copy_local_beta   | return value |
|ap_return_9           | out |   32| ap_ctrl_hs |    copy_local_beta   | return value |
|ap_return_10          | out |   32| ap_ctrl_hs |    copy_local_beta   | return value |
|ap_return_11          | out |   32| ap_ctrl_hs |    copy_local_beta   | return value |
|ap_return_12          | out |   32| ap_ctrl_hs |    copy_local_beta   | return value |
|ap_return_13          | out |   32| ap_ctrl_hs |    copy_local_beta   | return value |
|ap_return_14          | out |   32| ap_ctrl_hs |    copy_local_beta   | return value |
|ap_return_15          | out |   32| ap_ctrl_hs |    copy_local_beta   | return value |
|ap_return_16          | out |   32| ap_ctrl_hs |    copy_local_beta   | return value |
|ap_return_17          | out |   32| ap_ctrl_hs |    copy_local_beta   | return value |
|ap_return_18          | out |   32| ap_ctrl_hs |    copy_local_beta   | return value |
|ap_return_19          | out |   32| ap_ctrl_hs |    copy_local_beta   | return value |
|ap_return_20          | out |   32| ap_ctrl_hs |    copy_local_beta   | return value |
|ap_return_21          | out |   32| ap_ctrl_hs |    copy_local_beta   | return value |
|ap_return_22          | out |   32| ap_ctrl_hs |    copy_local_beta   | return value |
|ap_return_23          | out |   32| ap_ctrl_hs |    copy_local_beta   | return value |
|ap_return_24          | out |   32| ap_ctrl_hs |    copy_local_beta   | return value |
|ap_return_25          | out |   32| ap_ctrl_hs |    copy_local_beta   | return value |
|ap_return_26          | out |   32| ap_ctrl_hs |    copy_local_beta   | return value |
|ap_return_27          | out |   32| ap_ctrl_hs |    copy_local_beta   | return value |
|ap_return_28          | out |   32| ap_ctrl_hs |    copy_local_beta   | return value |
|ap_return_29          | out |   32| ap_ctrl_hs |    copy_local_beta   | return value |
|ap_return_30          | out |   32| ap_ctrl_hs |    copy_local_beta   | return value |
|ap_return_31          | out |   32| ap_ctrl_hs |    copy_local_beta   | return value |
|beta_buffer_address0  | out |   10|  ap_memory |      beta_buffer     |     array    |
|beta_buffer_ce0       | out |    1|  ap_memory |      beta_buffer     |     array    |
|beta_buffer_q0        |  in |   16|  ap_memory |      beta_buffer     |     array    |
|local_beta_buffer_0   |  in |   32|   ap_none  |  local_beta_buffer_0 |    scalar    |
|local_beta_buffer_1   |  in |   32|   ap_none  |  local_beta_buffer_1 |    scalar    |
|local_beta_buffer_2   |  in |   32|   ap_none  |  local_beta_buffer_2 |    scalar    |
|local_beta_buffer_3   |  in |   32|   ap_none  |  local_beta_buffer_3 |    scalar    |
|local_beta_buffer_4   |  in |   32|   ap_none  |  local_beta_buffer_4 |    scalar    |
|local_beta_buffer_5   |  in |   32|   ap_none  |  local_beta_buffer_5 |    scalar    |
|local_beta_buffer_6   |  in |   32|   ap_none  |  local_beta_buffer_6 |    scalar    |
|local_beta_buffer_7   |  in |   32|   ap_none  |  local_beta_buffer_7 |    scalar    |
|local_beta_buffer_8   |  in |   32|   ap_none  |  local_beta_buffer_8 |    scalar    |
|local_beta_buffer_9   |  in |   32|   ap_none  |  local_beta_buffer_9 |    scalar    |
|local_beta_buffer_10  |  in |   32|   ap_none  | local_beta_buffer_10 |    scalar    |
|local_beta_buffer_11  |  in |   32|   ap_none  | local_beta_buffer_11 |    scalar    |
|local_beta_buffer_12  |  in |   32|   ap_none  | local_beta_buffer_12 |    scalar    |
|local_beta_buffer_13  |  in |   32|   ap_none  | local_beta_buffer_13 |    scalar    |
|local_beta_buffer_14  |  in |   32|   ap_none  | local_beta_buffer_14 |    scalar    |
|local_beta_buffer_15  |  in |   32|   ap_none  | local_beta_buffer_15 |    scalar    |
|local_beta_buffer_16  |  in |   32|   ap_none  | local_beta_buffer_16 |    scalar    |
|local_beta_buffer_17  |  in |   32|   ap_none  | local_beta_buffer_17 |    scalar    |
|local_beta_buffer_18  |  in |   32|   ap_none  | local_beta_buffer_18 |    scalar    |
|local_beta_buffer_19  |  in |   32|   ap_none  | local_beta_buffer_19 |    scalar    |
|local_beta_buffer_20  |  in |   32|   ap_none  | local_beta_buffer_20 |    scalar    |
|local_beta_buffer_21  |  in |   32|   ap_none  | local_beta_buffer_21 |    scalar    |
|local_beta_buffer_22  |  in |   32|   ap_none  | local_beta_buffer_22 |    scalar    |
|local_beta_buffer_23  |  in |   32|   ap_none  | local_beta_buffer_23 |    scalar    |
|local_beta_buffer_24  |  in |   32|   ap_none  | local_beta_buffer_24 |    scalar    |
|local_beta_buffer_25  |  in |   32|   ap_none  | local_beta_buffer_25 |    scalar    |
|local_beta_buffer_26  |  in |   32|   ap_none  | local_beta_buffer_26 |    scalar    |
|local_beta_buffer_27  |  in |   32|   ap_none  | local_beta_buffer_27 |    scalar    |
|local_beta_buffer_28  |  in |   32|   ap_none  | local_beta_buffer_28 |    scalar    |
|local_beta_buffer_29  |  in |   32|   ap_none  | local_beta_buffer_29 |    scalar    |
|local_beta_buffer_30  |  in |   32|   ap_none  | local_beta_buffer_30 |    scalar    |
|local_beta_buffer_31  |  in |   32|   ap_none  | local_beta_buffer_31 |    scalar    |
|TM_MIN                |  in |   32|   ap_none  |        TM_MIN        |    scalar    |
|m                     |  in |   32|   ap_none  |           m          |    scalar    |
|InterSubBeta          |  in |    8|   ap_none  |     InterSubBeta     |    scalar    |
+----------------------+-----+-----+------------+----------------------+--------------+

