

================================================================
== Vivado HLS Report for 'load_weight2buf_ever'
================================================================
* Date:           Thu Jul 29 20:17:30 2021

* Version:        2018.2 (Build 2258646 on Thu Jun 14 20:25:20 MDT 2018)
* Project:        Yolo_demo
* Solution:       solution1
* Product family: zynq
* Target device:  xc7z020clg400-1


================================================================
== Performance Estimates
================================================================
+ Timing (ns): 
    * Summary: 
    +--------+-------+----------+------------+
    |  Clock | Target| Estimated| Uncertainty|
    +--------+-------+----------+------------+
    |ap_clk  |  10.00|     7.186|        1.25|
    +--------+-------+----------+------------+

+ Latency (clock cycles): 
    * Summary: 
    +-----+-----+-----+-----+---------+
    |  Latency  |  Interval | Pipeline|
    | min | max | min | max |   Type  |
    +-----+-----+-----+-----+---------+
    |    1|  130|    1|  130|   none  |
    +-----+-----+-----+-----+---------+

    + Detail: 
        * Instance: 
        N/A

        * Loop: 
        +----------+-----+-----+----------+-----------+-----------+------+----------+
        |          |  Latency  | Iteration|  Initiation Interval  | Trip |          |
        | Loop Name| min | max |  Latency |  achieved |   target  | Count| Pipelined|
        +----------+-----+-----+----------+-----------+-----------+------+----------+
        |- Loop 1  |  128|  128|         2|          1|          1|   128|    yes   |
        +----------+-----+-----+----------+-----------+-----------+------+----------+



================================================================
== Utilization Estimates
================================================================
* Summary: 
+-----------------+---------+-------+--------+-------+
|       Name      | BRAM_18K| DSP48E|   FF   |  LUT  |
+-----------------+---------+-------+--------+-------+
|DSP              |        -|      -|       -|      -|
|Expression       |        -|      -|       0|    286|
|FIFO             |        -|      -|       -|      -|
|Instance         |        -|      -|       -|      -|
|Memory           |        -|      -|       -|      -|
|Multiplexer      |        -|      -|       -|     99|
|Register         |        -|      -|     594|      -|
+-----------------+---------+-------+--------+-------+
|Total            |        0|      0|     594|    385|
+-----------------+---------+-------+--------+-------+
|Available        |      280|    220|  106400|  53200|
+-----------------+---------+-------+--------+-------+
|Utilization (%)  |        0|      0|   ~0   |   ~0  |
+-----------------+---------+-------+--------+-------+

+ Detail: 
    * Instance: 
    N/A

    * DSP48: 
    N/A

    * Memory: 
    N/A

    * FIFO: 
    N/A

    * Expression: 
    +-----------------------------------+----------+-------+---+----+------------+------------+
    |           Variable Name           | Operation| DSP48E| FF| LUT| Bitwidth P0| Bitwidth P1|
    +-----------------------------------+----------+-------+---+----+------------+------------+
    |cnt_V_fu_2291_p2                   |     +    |      0|  0|  10|           1|           2|
    |indvar_flatten_next_fu_2199_p2     |     +    |      0|  0|  15|           8|           1|
    |t1_V_fu_2205_p2                    |     +    |      0|  0|  15|           1|           6|
    |t2_V_fu_2331_p2                    |     +    |      0|  0|  12|           3|           1|
    |tmp_34_fu_2055_p2                  |     +    |      0|  0|   8|           5|           5|
    |weight_memcpy_offset_fu_2277_p2    |     +    |      0|  0|  15|           1|           8|
    |tmp_33_fu_2049_p2                  |     -    |      0|  0|   8|           5|           5|
    |or_cond_fu_2260_p2                 |    and   |      0|  0|   2|           1|           1|
    |Enable_fu_2255_p2                  |   icmp   |      0|  0|   9|           3|           3|
    |exitcond_flatten_fu_2193_p2        |   icmp   |      0|  0|  13|           8|           9|
    |exitcond_fu_2211_p2                |   icmp   |      0|  0|   9|           3|           4|
    |tmp_35_fu_2230_p2                  |   icmp   |      0|  0|  11|           6|           6|
    |tmp_36_fu_2266_p2                  |   icmp   |      0|  0|   8|           2|           1|
    |tmp_38_fu_2297_p2                  |   icmp   |      0|  0|   9|           2|           3|
    |tmp_47_mid1_fu_2225_p2             |   icmp   |      0|  0|  11|           6|           6|
    |input_array_0_1_fu_2364_p3         |  select  |      0|  0|  16|           1|          16|
    |input_array_0_2_fu_2390_p3         |  select  |      0|  0|  16|           1|          16|
    |input_array_1_1_fu_2357_p3         |  select  |      0|  0|  16|           1|          16|
    |input_array_1_2_fu_2383_p3         |  select  |      0|  0|  16|           1|          16|
    |input_value1_fu_2397_p3            |  select  |      0|  0|  16|           1|          16|
    |input_value_fu_2375_p3             |  select  |      0|  0|  16|           1|          16|
    |p_084_3_fu_2319_p3                 |  select  |      0|  0|   2|           1|           2|
    |p_14_t_mid2_v_fu_2243_p3           |  select  |      0|  0|   6|           1|           6|
    |p_9_mid2_fu_2217_p3                |  select  |      0|  0|   3|           1|           1|
    |p_s_fu_2303_p3                     |  select  |      0|  0|   2|           1|           1|
    |tmp_47_mid2_fu_2235_p3             |  select  |      0|  0|   2|           1|           1|
    |weight_memcpy_offset_1_fu_2283_p3  |  select  |      0|  0|   8|           1|           8|
    |weight_memcpy_offset_2_fu_2311_p3  |  select  |      0|  0|   8|           1|           8|
    |ap_enable_pp0                      |    xor   |      0|  0|   2|           1|           2|
    |ap_enable_reg_pp0_iter1            |    xor   |      0|  0|   2|           2|           1|
    +-----------------------------------+----------+-------+---+----+------------+------------+
    |Total                              |          |      0|  0| 286|          71|         187|
    +-----------------------------------+----------+-------+---+----+------------+------------+

    * Multiplexer: 
    +-----------------------------------+----+-----------+-----+-----------+
    |                Name               | LUT| Input Size| Bits| Total Bits|
    +-----------------------------------+----+-----------+-----+-----------+
    |ap_NS_fsm                          |  21|          4|    1|          4|
    |ap_enable_reg_pp0_iter1            |  15|          3|    1|          3|
    |ap_phi_mux_p_084_1_phi_fu_2025_p4  |   9|          2|    2|          4|
    |ap_phi_mux_p_6_phi_fu_1992_p4      |   9|          2|    6|         12|
    |indvar_flatten_reg_1977            |   9|          2|    8|         16|
    |p_084_1_reg_2021                   |   9|          2|    2|          4|
    |p_6_reg_1988                       |   9|          2|    6|         12|
    |p_9_reg_1999                       |   9|          2|    3|          6|
    |t_V_reg_2010                       |   9|          2|    8|         16|
    +-----------------------------------+----+-----------+-----+-----------+
    |Total                              |  99|         21|   37|         77|
    +-----------------------------------+----+-----------+-----+-----------+

    * Register: 
    +-------------------------------+----+----+-----+-----------+
    |              Name             | FF | LUT| Bits| Const Bits|
    +-------------------------------+----+----+-----+-----------+
    |ap_CS_fsm                      |   3|   0|    3|          0|
    |ap_enable_reg_pp0_iter0        |   1|   0|    1|          0|
    |ap_enable_reg_pp0_iter1        |   1|   0|    1|          0|
    |exitcond_flatten_reg_3209      |   1|   0|    1|          0|
    |indvar_flatten_reg_1977        |   8|   0|    8|          0|
    |input_array_0_fu_390           |  16|   0|   16|          0|
    |input_array_1_3_fu_394         |  16|   0|   16|          0|
    |or_cond_reg_3227               |   1|   0|    1|          0|
    |p_084_1_reg_2021               |   2|   0|    2|          0|
    |p_084_3_reg_3250               |   2|   0|    2|          0|
    |p_14_t_mid2_v_reg_3218         |   6|   0|    6|          0|
    |p_6_reg_1988                   |   6|   0|    6|          0|
    |p_9_reg_1999                   |   3|   0|    3|          0|
    |t_V_reg_2010                   |   8|   0|    8|          0|
    |tmp_36_reg_3234                |   1|   0|    1|          0|
    |tmp_65_reg_3255                |   2|   0|    2|          0|
    |tmp_reg_3223                   |   5|   0|    5|          0|
    |weight_buffer_0_0_s_reg_2569   |   4|   0|    4|          0|
    |weight_buffer_0_1_s_reg_2574   |   4|   0|    4|          0|
    |weight_buffer_0_2_s_reg_2579   |   4|   0|    4|          0|
    |weight_buffer_0_3_s_reg_2584   |   4|   0|    4|          0|
    |weight_buffer_10_0_1_reg_2769  |   4|   0|    4|          0|
    |weight_buffer_10_1_1_reg_2774  |   4|   0|    4|          0|
    |weight_buffer_10_2_1_reg_2779  |   4|   0|    4|          0|
    |weight_buffer_10_3_1_reg_2784  |   4|   0|    4|          0|
    |weight_buffer_11_0_1_reg_2789  |   4|   0|    4|          0|
    |weight_buffer_11_1_1_reg_2794  |   4|   0|    4|          0|
    |weight_buffer_11_2_1_reg_2799  |   4|   0|    4|          0|
    |weight_buffer_11_3_1_reg_2804  |   4|   0|    4|          0|
    |weight_buffer_12_0_1_reg_2809  |   4|   0|    4|          0|
    |weight_buffer_12_1_1_reg_2814  |   4|   0|    4|          0|
    |weight_buffer_12_2_1_reg_2819  |   4|   0|    4|          0|
    |weight_buffer_12_3_1_reg_2824  |   4|   0|    4|          0|
    |weight_buffer_13_0_1_reg_2829  |   4|   0|    4|          0|
    |weight_buffer_13_1_1_reg_2834  |   4|   0|    4|          0|
    |weight_buffer_13_2_1_reg_2839  |   4|   0|    4|          0|
    |weight_buffer_13_3_1_reg_2844  |   4|   0|    4|          0|
    |weight_buffer_14_0_1_reg_2849  |   4|   0|    4|          0|
    |weight_buffer_14_1_1_reg_2854  |   4|   0|    4|          0|
    |weight_buffer_14_2_1_reg_2859  |   4|   0|    4|          0|
    |weight_buffer_14_3_1_reg_2864  |   4|   0|    4|          0|
    |weight_buffer_15_0_1_reg_2869  |   4|   0|    4|          0|
    |weight_buffer_15_1_1_reg_2874  |   4|   0|    4|          0|
    |weight_buffer_15_2_1_reg_2879  |   4|   0|    4|          0|
    |weight_buffer_15_3_1_reg_2884  |   4|   0|    4|          0|
    |weight_buffer_16_0_1_reg_2889  |   4|   0|    4|          0|
    |weight_buffer_16_1_1_reg_2894  |   4|   0|    4|          0|
    |weight_buffer_16_2_1_reg_2899  |   4|   0|    4|          0|
    |weight_buffer_16_3_1_reg_2904  |   4|   0|    4|          0|
    |weight_buffer_17_0_1_reg_2909  |   4|   0|    4|          0|
    |weight_buffer_17_1_1_reg_2914  |   4|   0|    4|          0|
    |weight_buffer_17_2_1_reg_2919  |   4|   0|    4|          0|
    |weight_buffer_17_3_1_reg_2924  |   4|   0|    4|          0|
    |weight_buffer_18_0_1_reg_2929  |   4|   0|    4|          0|
    |weight_buffer_18_1_1_reg_2934  |   4|   0|    4|          0|
    |weight_buffer_18_2_1_reg_2939  |   4|   0|    4|          0|
    |weight_buffer_18_3_1_reg_2944  |   4|   0|    4|          0|
    |weight_buffer_19_0_1_reg_2949  |   4|   0|    4|          0|
    |weight_buffer_19_1_1_reg_2954  |   4|   0|    4|          0|
    |weight_buffer_19_2_1_reg_2959  |   4|   0|    4|          0|
    |weight_buffer_19_3_1_reg_2964  |   4|   0|    4|          0|
    |weight_buffer_1_0_s_reg_2589   |   4|   0|    4|          0|
    |weight_buffer_1_1_s_reg_2594   |   4|   0|    4|          0|
    |weight_buffer_1_2_s_reg_2599   |   4|   0|    4|          0|
    |weight_buffer_1_3_s_reg_2604   |   4|   0|    4|          0|
    |weight_buffer_20_0_1_reg_2969  |   4|   0|    4|          0|
    |weight_buffer_20_1_1_reg_2974  |   4|   0|    4|          0|
    |weight_buffer_20_2_1_reg_2979  |   4|   0|    4|          0|
    |weight_buffer_20_3_1_reg_2984  |   4|   0|    4|          0|
    |weight_buffer_21_0_1_reg_2989  |   4|   0|    4|          0|
    |weight_buffer_21_1_1_reg_2994  |   4|   0|    4|          0|
    |weight_buffer_21_2_1_reg_2999  |   4|   0|    4|          0|
    |weight_buffer_21_3_1_reg_3004  |   4|   0|    4|          0|
    |weight_buffer_22_0_1_reg_3009  |   4|   0|    4|          0|
    |weight_buffer_22_1_1_reg_3014  |   4|   0|    4|          0|
    |weight_buffer_22_2_1_reg_3019  |   4|   0|    4|          0|
    |weight_buffer_22_3_1_reg_3024  |   4|   0|    4|          0|
    |weight_buffer_23_0_1_reg_3029  |   4|   0|    4|          0|
    |weight_buffer_23_1_1_reg_3034  |   4|   0|    4|          0|
    |weight_buffer_23_2_1_reg_3039  |   4|   0|    4|          0|
    |weight_buffer_23_3_1_reg_3044  |   4|   0|    4|          0|
    |weight_buffer_24_0_1_reg_3049  |   4|   0|    4|          0|
    |weight_buffer_24_1_1_reg_3054  |   4|   0|    4|          0|
    |weight_buffer_24_2_1_reg_3059  |   4|   0|    4|          0|
    |weight_buffer_24_3_1_reg_3064  |   4|   0|    4|          0|
    |weight_buffer_25_0_1_reg_3069  |   4|   0|    4|          0|
    |weight_buffer_25_1_1_reg_3074  |   4|   0|    4|          0|
    |weight_buffer_25_2_1_reg_3079  |   4|   0|    4|          0|
    |weight_buffer_25_3_1_reg_3084  |   4|   0|    4|          0|
    |weight_buffer_26_0_1_reg_3089  |   4|   0|    4|          0|
    |weight_buffer_26_1_1_reg_3094  |   4|   0|    4|          0|
    |weight_buffer_26_2_1_reg_3099  |   4|   0|    4|          0|
    |weight_buffer_26_3_1_reg_3104  |   4|   0|    4|          0|
    |weight_buffer_27_0_1_reg_3109  |   4|   0|    4|          0|
    |weight_buffer_27_1_1_reg_3114  |   4|   0|    4|          0|
    |weight_buffer_27_2_1_reg_3119  |   4|   0|    4|          0|
    |weight_buffer_27_3_1_reg_3124  |   4|   0|    4|          0|
    |weight_buffer_28_0_1_reg_3129  |   4|   0|    4|          0|
    |weight_buffer_28_1_1_reg_3134  |   4|   0|    4|          0|
    |weight_buffer_28_2_1_reg_3139  |   4|   0|    4|          0|
    |weight_buffer_28_3_1_reg_3144  |   4|   0|    4|          0|
    |weight_buffer_29_0_1_reg_3149  |   4|   0|    4|          0|
    |weight_buffer_29_1_1_reg_3154  |   4|   0|    4|          0|
    |weight_buffer_29_2_1_reg_3159  |   4|   0|    4|          0|
    |weight_buffer_29_3_1_reg_3164  |   4|   0|    4|          0|
    |weight_buffer_2_0_s_reg_2609   |   4|   0|    4|          0|
    |weight_buffer_2_1_s_reg_2614   |   4|   0|    4|          0|
    |weight_buffer_2_2_s_reg_2619   |   4|   0|    4|          0|
    |weight_buffer_2_3_s_reg_2624   |   4|   0|    4|          0|
    |weight_buffer_30_0_1_reg_3169  |   4|   0|    4|          0|
    |weight_buffer_30_1_1_reg_3174  |   4|   0|    4|          0|
    |weight_buffer_30_2_1_reg_3179  |   4|   0|    4|          0|
    |weight_buffer_30_3_1_reg_3184  |   4|   0|    4|          0|
    |weight_buffer_31_0_1_reg_3189  |   4|   0|    4|          0|
    |weight_buffer_31_1_1_reg_3194  |   4|   0|    4|          0|
    |weight_buffer_31_2_1_reg_3199  |   4|   0|    4|          0|
    |weight_buffer_31_3_1_reg_3204  |   4|   0|    4|          0|
    |weight_buffer_3_0_s_reg_2629   |   4|   0|    4|          0|
    |weight_buffer_3_1_s_reg_2634   |   4|   0|    4|          0|
    |weight_buffer_3_2_s_reg_2639   |   4|   0|    4|          0|
    |weight_buffer_3_3_s_reg_2644   |   4|   0|    4|          0|
    |weight_buffer_4_0_s_reg_2649   |   4|   0|    4|          0|
    |weight_buffer_4_1_s_reg_2654   |   4|   0|    4|          0|
    |weight_buffer_4_2_s_reg_2659   |   4|   0|    4|          0|
    |weight_buffer_4_3_s_reg_2664   |   4|   0|    4|          0|
    |weight_buffer_5_0_s_reg_2669   |   4|   0|    4|          0|
    |weight_buffer_5_1_s_reg_2674   |   4|   0|    4|          0|
    |weight_buffer_5_2_s_reg_2679   |   4|   0|    4|          0|
    |weight_buffer_5_3_s_reg_2684   |   4|   0|    4|          0|
    |weight_buffer_6_0_s_reg_2689   |   4|   0|    4|          0|
    |weight_buffer_6_1_s_reg_2694   |   4|   0|    4|          0|
    |weight_buffer_6_2_s_reg_2699   |   4|   0|    4|          0|
    |weight_buffer_6_3_s_reg_2704   |   4|   0|    4|          0|
    |weight_buffer_7_0_s_reg_2709   |   4|   0|    4|          0|
    |weight_buffer_7_1_s_reg_2714   |   4|   0|    4|          0|
    |weight_buffer_7_2_s_reg_2719   |   4|   0|    4|          0|
    |weight_buffer_7_3_s_reg_2724   |   4|   0|    4|          0|
    |weight_buffer_8_0_s_reg_2729   |   4|   0|    4|          0|
    |weight_buffer_8_1_s_reg_2734   |   4|   0|    4|          0|
    |weight_buffer_8_2_s_reg_2739   |   4|   0|    4|          0|
    |weight_buffer_8_3_s_reg_2744   |   4|   0|    4|          0|
    |weight_buffer_9_0_s_reg_2749   |   4|   0|    4|          0|
    |weight_buffer_9_1_s_reg_2754   |   4|   0|    4|          0|
    |weight_buffer_9_2_s_reg_2759   |   4|   0|    4|          0|
    |weight_buffer_9_3_s_reg_2764   |   4|   0|    4|          0|
    +-------------------------------+----+----+-----+-----------+
    |Total                          | 594|   0|  594|          0|
    +-------------------------------+----+----+-----+-----------+



================================================================
== Interface
================================================================
* Summary: 
+-------------------------------+-----+-----+------------+----------------------+--------------+
|           RTL Ports           | Dir | Bits|  Protocol  |     Source Object    |    C Type    |
+-------------------------------+-----+-----+------------+----------------------+--------------+
|ap_clk                         |  in |    1| ap_ctrl_hs | load_weight2buf_ever | return value |
|ap_rst                         |  in |    1| ap_ctrl_hs | load_weight2buf_ever | return value |
|ap_start                       |  in |    1| ap_ctrl_hs | load_weight2buf_ever | return value |
|ap_done                        | out |    1| ap_ctrl_hs | load_weight2buf_ever | return value |
|ap_idle                        | out |    1| ap_ctrl_hs | load_weight2buf_ever | return value |
|ap_ready                       | out |    1| ap_ctrl_hs | load_weight2buf_ever | return value |
|weight_memcpy_buffer_address0  | out |    6|  ap_memory | weight_memcpy_buffer |     array    |
|weight_memcpy_buffer_ce0       | out |    1|  ap_memory | weight_memcpy_buffer |     array    |
|weight_memcpy_buffer_q0        |  in |   32|  ap_memory | weight_memcpy_buffer |     array    |
|weight_buffer_0_0_address0     | out |    4|  ap_memory |   weight_buffer_0_0  |     array    |
|weight_buffer_0_0_ce0          | out |    1|  ap_memory |   weight_buffer_0_0  |     array    |
|weight_buffer_0_0_we0          | out |    1|  ap_memory |   weight_buffer_0_0  |     array    |
|weight_buffer_0_0_d0           | out |   16|  ap_memory |   weight_buffer_0_0  |     array    |
|weight_buffer_0_1_address0     | out |    4|  ap_memory |   weight_buffer_0_1  |     array    |
|weight_buffer_0_1_ce0          | out |    1|  ap_memory |   weight_buffer_0_1  |     array    |
|weight_buffer_0_1_we0          | out |    1|  ap_memory |   weight_buffer_0_1  |     array    |
|weight_buffer_0_1_d0           | out |   16|  ap_memory |   weight_buffer_0_1  |     array    |
|weight_buffer_0_2_address0     | out |    4|  ap_memory |   weight_buffer_0_2  |     array    |
|weight_buffer_0_2_ce0          | out |    1|  ap_memory |   weight_buffer_0_2  |     array    |
|weight_buffer_0_2_we0          | out |    1|  ap_memory |   weight_buffer_0_2  |     array    |
|weight_buffer_0_2_d0           | out |   16|  ap_memory |   weight_buffer_0_2  |     array    |
|weight_buffer_0_3_address0     | out |    4|  ap_memory |   weight_buffer_0_3  |     array    |
|weight_buffer_0_3_ce0          | out |    1|  ap_memory |   weight_buffer_0_3  |     array    |
|weight_buffer_0_3_we0          | out |    1|  ap_memory |   weight_buffer_0_3  |     array    |
|weight_buffer_0_3_d0           | out |   16|  ap_memory |   weight_buffer_0_3  |     array    |
|weight_buffer_1_0_address0     | out |    4|  ap_memory |   weight_buffer_1_0  |     array    |
|weight_buffer_1_0_ce0          | out |    1|  ap_memory |   weight_buffer_1_0  |     array    |
|weight_buffer_1_0_we0          | out |    1|  ap_memory |   weight_buffer_1_0  |     array    |
|weight_buffer_1_0_d0           | out |   16|  ap_memory |   weight_buffer_1_0  |     array    |
|weight_buffer_1_1_address0     | out |    4|  ap_memory |   weight_buffer_1_1  |     array    |
|weight_buffer_1_1_ce0          | out |    1|  ap_memory |   weight_buffer_1_1  |     array    |
|weight_buffer_1_1_we0          | out |    1|  ap_memory |   weight_buffer_1_1  |     array    |
|weight_buffer_1_1_d0           | out |   16|  ap_memory |   weight_buffer_1_1  |     array    |
|weight_buffer_1_2_address0     | out |    4|  ap_memory |   weight_buffer_1_2  |     array    |
|weight_buffer_1_2_ce0          | out |    1|  ap_memory |   weight_buffer_1_2  |     array    |
|weight_buffer_1_2_we0          | out |    1|  ap_memory |   weight_buffer_1_2  |     array    |
|weight_buffer_1_2_d0           | out |   16|  ap_memory |   weight_buffer_1_2  |     array    |
|weight_buffer_1_3_address0     | out |    4|  ap_memory |   weight_buffer_1_3  |     array    |
|weight_buffer_1_3_ce0          | out |    1|  ap_memory |   weight_buffer_1_3  |     array    |
|weight_buffer_1_3_we0          | out |    1|  ap_memory |   weight_buffer_1_3  |     array    |
|weight_buffer_1_3_d0           | out |   16|  ap_memory |   weight_buffer_1_3  |     array    |
|weight_buffer_2_0_address0     | out |    4|  ap_memory |   weight_buffer_2_0  |     array    |
|weight_buffer_2_0_ce0          | out |    1|  ap_memory |   weight_buffer_2_0  |     array    |
|weight_buffer_2_0_we0          | out |    1|  ap_memory |   weight_buffer_2_0  |     array    |
|weight_buffer_2_0_d0           | out |   16|  ap_memory |   weight_buffer_2_0  |     array    |
|weight_buffer_2_1_address0     | out |    4|  ap_memory |   weight_buffer_2_1  |     array    |
|weight_buffer_2_1_ce0          | out |    1|  ap_memory |   weight_buffer_2_1  |     array    |
|weight_buffer_2_1_we0          | out |    1|  ap_memory |   weight_buffer_2_1  |     array    |
|weight_buffer_2_1_d0           | out |   16|  ap_memory |   weight_buffer_2_1  |     array    |
|weight_buffer_2_2_address0     | out |    4|  ap_memory |   weight_buffer_2_2  |     array    |
|weight_buffer_2_2_ce0          | out |    1|  ap_memory |   weight_buffer_2_2  |     array    |
|weight_buffer_2_2_we0          | out |    1|  ap_memory |   weight_buffer_2_2  |     array    |
|weight_buffer_2_2_d0           | out |   16|  ap_memory |   weight_buffer_2_2  |     array    |
|weight_buffer_2_3_address0     | out |    4|  ap_memory |   weight_buffer_2_3  |     array    |
|weight_buffer_2_3_ce0          | out |    1|  ap_memory |   weight_buffer_2_3  |     array    |
|weight_buffer_2_3_we0          | out |    1|  ap_memory |   weight_buffer_2_3  |     array    |
|weight_buffer_2_3_d0           | out |   16|  ap_memory |   weight_buffer_2_3  |     array    |
|weight_buffer_3_0_address0     | out |    4|  ap_memory |   weight_buffer_3_0  |     array    |
|weight_buffer_3_0_ce0          | out |    1|  ap_memory |   weight_buffer_3_0  |     array    |
|weight_buffer_3_0_we0          | out |    1|  ap_memory |   weight_buffer_3_0  |     array    |
|weight_buffer_3_0_d0           | out |   16|  ap_memory |   weight_buffer_3_0  |     array    |
|weight_buffer_3_1_address0     | out |    4|  ap_memory |   weight_buffer_3_1  |     array    |
|weight_buffer_3_1_ce0          | out |    1|  ap_memory |   weight_buffer_3_1  |     array    |
|weight_buffer_3_1_we0          | out |    1|  ap_memory |   weight_buffer_3_1  |     array    |
|weight_buffer_3_1_d0           | out |   16|  ap_memory |   weight_buffer_3_1  |     array    |
|weight_buffer_3_2_address0     | out |    4|  ap_memory |   weight_buffer_3_2  |     array    |
|weight_buffer_3_2_ce0          | out |    1|  ap_memory |   weight_buffer_3_2  |     array    |
|weight_buffer_3_2_we0          | out |    1|  ap_memory |   weight_buffer_3_2  |     array    |
|weight_buffer_3_2_d0           | out |   16|  ap_memory |   weight_buffer_3_2  |     array    |
|weight_buffer_3_3_address0     | out |    4|  ap_memory |   weight_buffer_3_3  |     array    |
|weight_buffer_3_3_ce0          | out |    1|  ap_memory |   weight_buffer_3_3  |     array    |
|weight_buffer_3_3_we0          | out |    1|  ap_memory |   weight_buffer_3_3  |     array    |
|weight_buffer_3_3_d0           | out |   16|  ap_memory |   weight_buffer_3_3  |     array    |
|weight_buffer_4_0_address0     | out |    4|  ap_memory |   weight_buffer_4_0  |     array    |
|weight_buffer_4_0_ce0          | out |    1|  ap_memory |   weight_buffer_4_0  |     array    |
|weight_buffer_4_0_we0          | out |    1|  ap_memory |   weight_buffer_4_0  |     array    |
|weight_buffer_4_0_d0           | out |   16|  ap_memory |   weight_buffer_4_0  |     array    |
|weight_buffer_4_1_address0     | out |    4|  ap_memory |   weight_buffer_4_1  |     array    |
|weight_buffer_4_1_ce0          | out |    1|  ap_memory |   weight_buffer_4_1  |     array    |
|weight_buffer_4_1_we0          | out |    1|  ap_memory |   weight_buffer_4_1  |     array    |
|weight_buffer_4_1_d0           | out |   16|  ap_memory |   weight_buffer_4_1  |     array    |
|weight_buffer_4_2_address0     | out |    4|  ap_memory |   weight_buffer_4_2  |     array    |
|weight_buffer_4_2_ce0          | out |    1|  ap_memory |   weight_buffer_4_2  |     array    |
|weight_buffer_4_2_we0          | out |    1|  ap_memory |   weight_buffer_4_2  |     array    |
|weight_buffer_4_2_d0           | out |   16|  ap_memory |   weight_buffer_4_2  |     array    |
|weight_buffer_4_3_address0     | out |    4|  ap_memory |   weight_buffer_4_3  |     array    |
|weight_buffer_4_3_ce0          | out |    1|  ap_memory |   weight_buffer_4_3  |     array    |
|weight_buffer_4_3_we0          | out |    1|  ap_memory |   weight_buffer_4_3  |     array    |
|weight_buffer_4_3_d0           | out |   16|  ap_memory |   weight_buffer_4_3  |     array    |
|weight_buffer_5_0_address0     | out |    4|  ap_memory |   weight_buffer_5_0  |     array    |
|weight_buffer_5_0_ce0          | out |    1|  ap_memory |   weight_buffer_5_0  |     array    |
|weight_buffer_5_0_we0          | out |    1|  ap_memory |   weight_buffer_5_0  |     array    |
|weight_buffer_5_0_d0           | out |   16|  ap_memory |   weight_buffer_5_0  |     array    |
|weight_buffer_5_1_address0     | out |    4|  ap_memory |   weight_buffer_5_1  |     array    |
|weight_buffer_5_1_ce0          | out |    1|  ap_memory |   weight_buffer_5_1  |     array    |
|weight_buffer_5_1_we0          | out |    1|  ap_memory |   weight_buffer_5_1  |     array    |
|weight_buffer_5_1_d0           | out |   16|  ap_memory |   weight_buffer_5_1  |     array    |
|weight_buffer_5_2_address0     | out |    4|  ap_memory |   weight_buffer_5_2  |     array    |
|weight_buffer_5_2_ce0          | out |    1|  ap_memory |   weight_buffer_5_2  |     array    |
|weight_buffer_5_2_we0          | out |    1|  ap_memory |   weight_buffer_5_2  |     array    |
|weight_buffer_5_2_d0           | out |   16|  ap_memory |   weight_buffer_5_2  |     array    |
|weight_buffer_5_3_address0     | out |    4|  ap_memory |   weight_buffer_5_3  |     array    |
|weight_buffer_5_3_ce0          | out |    1|  ap_memory |   weight_buffer_5_3  |     array    |
|weight_buffer_5_3_we0          | out |    1|  ap_memory |   weight_buffer_5_3  |     array    |
|weight_buffer_5_3_d0           | out |   16|  ap_memory |   weight_buffer_5_3  |     array    |
|weight_buffer_6_0_address0     | out |    4|  ap_memory |   weight_buffer_6_0  |     array    |
|weight_buffer_6_0_ce0          | out |    1|  ap_memory |   weight_buffer_6_0  |     array    |
|weight_buffer_6_0_we0          | out |    1|  ap_memory |   weight_buffer_6_0  |     array    |
|weight_buffer_6_0_d0           | out |   16|  ap_memory |   weight_buffer_6_0  |     array    |
|weight_buffer_6_1_address0     | out |    4|  ap_memory |   weight_buffer_6_1  |     array    |
|weight_buffer_6_1_ce0          | out |    1|  ap_memory |   weight_buffer_6_1  |     array    |
|weight_buffer_6_1_we0          | out |    1|  ap_memory |   weight_buffer_6_1  |     array    |
|weight_buffer_6_1_d0           | out |   16|  ap_memory |   weight_buffer_6_1  |     array    |
|weight_buffer_6_2_address0     | out |    4|  ap_memory |   weight_buffer_6_2  |     array    |
|weight_buffer_6_2_ce0          | out |    1|  ap_memory |   weight_buffer_6_2  |     array    |
|weight_buffer_6_2_we0          | out |    1|  ap_memory |   weight_buffer_6_2  |     array    |
|weight_buffer_6_2_d0           | out |   16|  ap_memory |   weight_buffer_6_2  |     array    |
|weight_buffer_6_3_address0     | out |    4|  ap_memory |   weight_buffer_6_3  |     array    |
|weight_buffer_6_3_ce0          | out |    1|  ap_memory |   weight_buffer_6_3  |     array    |
|weight_buffer_6_3_we0          | out |    1|  ap_memory |   weight_buffer_6_3  |     array    |
|weight_buffer_6_3_d0           | out |   16|  ap_memory |   weight_buffer_6_3  |     array    |
|weight_buffer_7_0_address0     | out |    4|  ap_memory |   weight_buffer_7_0  |     array    |
|weight_buffer_7_0_ce0          | out |    1|  ap_memory |   weight_buffer_7_0  |     array    |
|weight_buffer_7_0_we0          | out |    1|  ap_memory |   weight_buffer_7_0  |     array    |
|weight_buffer_7_0_d0           | out |   16|  ap_memory |   weight_buffer_7_0  |     array    |
|weight_buffer_7_1_address0     | out |    4|  ap_memory |   weight_buffer_7_1  |     array    |
|weight_buffer_7_1_ce0          | out |    1|  ap_memory |   weight_buffer_7_1  |     array    |
|weight_buffer_7_1_we0          | out |    1|  ap_memory |   weight_buffer_7_1  |     array    |
|weight_buffer_7_1_d0           | out |   16|  ap_memory |   weight_buffer_7_1  |     array    |
|weight_buffer_7_2_address0     | out |    4|  ap_memory |   weight_buffer_7_2  |     array    |
|weight_buffer_7_2_ce0          | out |    1|  ap_memory |   weight_buffer_7_2  |     array    |
|weight_buffer_7_2_we0          | out |    1|  ap_memory |   weight_buffer_7_2  |     array    |
|weight_buffer_7_2_d0           | out |   16|  ap_memory |   weight_buffer_7_2  |     array    |
|weight_buffer_7_3_address0     | out |    4|  ap_memory |   weight_buffer_7_3  |     array    |
|weight_buffer_7_3_ce0          | out |    1|  ap_memory |   weight_buffer_7_3  |     array    |
|weight_buffer_7_3_we0          | out |    1|  ap_memory |   weight_buffer_7_3  |     array    |
|weight_buffer_7_3_d0           | out |   16|  ap_memory |   weight_buffer_7_3  |     array    |
|weight_buffer_8_0_address0     | out |    4|  ap_memory |   weight_buffer_8_0  |     array    |
|weight_buffer_8_0_ce0          | out |    1|  ap_memory |   weight_buffer_8_0  |     array    |
|weight_buffer_8_0_we0          | out |    1|  ap_memory |   weight_buffer_8_0  |     array    |
|weight_buffer_8_0_d0           | out |   16|  ap_memory |   weight_buffer_8_0  |     array    |
|weight_buffer_8_1_address0     | out |    4|  ap_memory |   weight_buffer_8_1  |     array    |
|weight_buffer_8_1_ce0          | out |    1|  ap_memory |   weight_buffer_8_1  |     array    |
|weight_buffer_8_1_we0          | out |    1|  ap_memory |   weight_buffer_8_1  |     array    |
|weight_buffer_8_1_d0           | out |   16|  ap_memory |   weight_buffer_8_1  |     array    |
|weight_buffer_8_2_address0     | out |    4|  ap_memory |   weight_buffer_8_2  |     array    |
|weight_buffer_8_2_ce0          | out |    1|  ap_memory |   weight_buffer_8_2  |     array    |
|weight_buffer_8_2_we0          | out |    1|  ap_memory |   weight_buffer_8_2  |     array    |
|weight_buffer_8_2_d0           | out |   16|  ap_memory |   weight_buffer_8_2  |     array    |
|weight_buffer_8_3_address0     | out |    4|  ap_memory |   weight_buffer_8_3  |     array    |
|weight_buffer_8_3_ce0          | out |    1|  ap_memory |   weight_buffer_8_3  |     array    |
|weight_buffer_8_3_we0          | out |    1|  ap_memory |   weight_buffer_8_3  |     array    |
|weight_buffer_8_3_d0           | out |   16|  ap_memory |   weight_buffer_8_3  |     array    |
|weight_buffer_9_0_address0     | out |    4|  ap_memory |   weight_buffer_9_0  |     array    |
|weight_buffer_9_0_ce0          | out |    1|  ap_memory |   weight_buffer_9_0  |     array    |
|weight_buffer_9_0_we0          | out |    1|  ap_memory |   weight_buffer_9_0  |     array    |
|weight_buffer_9_0_d0           | out |   16|  ap_memory |   weight_buffer_9_0  |     array    |
|weight_buffer_9_1_address0     | out |    4|  ap_memory |   weight_buffer_9_1  |     array    |
|weight_buffer_9_1_ce0          | out |    1|  ap_memory |   weight_buffer_9_1  |     array    |
|weight_buffer_9_1_we0          | out |    1|  ap_memory |   weight_buffer_9_1  |     array    |
|weight_buffer_9_1_d0           | out |   16|  ap_memory |   weight_buffer_9_1  |     array    |
|weight_buffer_9_2_address0     | out |    4|  ap_memory |   weight_buffer_9_2  |     array    |
|weight_buffer_9_2_ce0          | out |    1|  ap_memory |   weight_buffer_9_2  |     array    |
|weight_buffer_9_2_we0          | out |    1|  ap_memory |   weight_buffer_9_2  |     array    |
|weight_buffer_9_2_d0           | out |   16|  ap_memory |   weight_buffer_9_2  |     array    |
|weight_buffer_9_3_address0     | out |    4|  ap_memory |   weight_buffer_9_3  |     array    |
|weight_buffer_9_3_ce0          | out |    1|  ap_memory |   weight_buffer_9_3  |     array    |
|weight_buffer_9_3_we0          | out |    1|  ap_memory |   weight_buffer_9_3  |     array    |
|weight_buffer_9_3_d0           | out |   16|  ap_memory |   weight_buffer_9_3  |     array    |
|weight_buffer_10_0_address0    | out |    4|  ap_memory |  weight_buffer_10_0  |     array    |
|weight_buffer_10_0_ce0         | out |    1|  ap_memory |  weight_buffer_10_0  |     array    |
|weight_buffer_10_0_we0         | out |    1|  ap_memory |  weight_buffer_10_0  |     array    |
|weight_buffer_10_0_d0          | out |   16|  ap_memory |  weight_buffer_10_0  |     array    |
|weight_buffer_10_1_address0    | out |    4|  ap_memory |  weight_buffer_10_1  |     array    |
|weight_buffer_10_1_ce0         | out |    1|  ap_memory |  weight_buffer_10_1  |     array    |
|weight_buffer_10_1_we0         | out |    1|  ap_memory |  weight_buffer_10_1  |     array    |
|weight_buffer_10_1_d0          | out |   16|  ap_memory |  weight_buffer_10_1  |     array    |
|weight_buffer_10_2_address0    | out |    4|  ap_memory |  weight_buffer_10_2  |     array    |
|weight_buffer_10_2_ce0         | out |    1|  ap_memory |  weight_buffer_10_2  |     array    |
|weight_buffer_10_2_we0         | out |    1|  ap_memory |  weight_buffer_10_2  |     array    |
|weight_buffer_10_2_d0          | out |   16|  ap_memory |  weight_buffer_10_2  |     array    |
|weight_buffer_10_3_address0    | out |    4|  ap_memory |  weight_buffer_10_3  |     array    |
|weight_buffer_10_3_ce0         | out |    1|  ap_memory |  weight_buffer_10_3  |     array    |
|weight_buffer_10_3_we0         | out |    1|  ap_memory |  weight_buffer_10_3  |     array    |
|weight_buffer_10_3_d0          | out |   16|  ap_memory |  weight_buffer_10_3  |     array    |
|weight_buffer_11_0_address0    | out |    4|  ap_memory |  weight_buffer_11_0  |     array    |
|weight_buffer_11_0_ce0         | out |    1|  ap_memory |  weight_buffer_11_0  |     array    |
|weight_buffer_11_0_we0         | out |    1|  ap_memory |  weight_buffer_11_0  |     array    |
|weight_buffer_11_0_d0          | out |   16|  ap_memory |  weight_buffer_11_0  |     array    |
|weight_buffer_11_1_address0    | out |    4|  ap_memory |  weight_buffer_11_1  |     array    |
|weight_buffer_11_1_ce0         | out |    1|  ap_memory |  weight_buffer_11_1  |     array    |
|weight_buffer_11_1_we0         | out |    1|  ap_memory |  weight_buffer_11_1  |     array    |
|weight_buffer_11_1_d0          | out |   16|  ap_memory |  weight_buffer_11_1  |     array    |
|weight_buffer_11_2_address0    | out |    4|  ap_memory |  weight_buffer_11_2  |     array    |
|weight_buffer_11_2_ce0         | out |    1|  ap_memory |  weight_buffer_11_2  |     array    |
|weight_buffer_11_2_we0         | out |    1|  ap_memory |  weight_buffer_11_2  |     array    |
|weight_buffer_11_2_d0          | out |   16|  ap_memory |  weight_buffer_11_2  |     array    |
|weight_buffer_11_3_address0    | out |    4|  ap_memory |  weight_buffer_11_3  |     array    |
|weight_buffer_11_3_ce0         | out |    1|  ap_memory |  weight_buffer_11_3  |     array    |
|weight_buffer_11_3_we0         | out |    1|  ap_memory |  weight_buffer_11_3  |     array    |
|weight_buffer_11_3_d0          | out |   16|  ap_memory |  weight_buffer_11_3  |     array    |
|weight_buffer_12_0_address0    | out |    4|  ap_memory |  weight_buffer_12_0  |     array    |
|weight_buffer_12_0_ce0         | out |    1|  ap_memory |  weight_buffer_12_0  |     array    |
|weight_buffer_12_0_we0         | out |    1|  ap_memory |  weight_buffer_12_0  |     array    |
|weight_buffer_12_0_d0          | out |   16|  ap_memory |  weight_buffer_12_0  |     array    |
|weight_buffer_12_1_address0    | out |    4|  ap_memory |  weight_buffer_12_1  |     array    |
|weight_buffer_12_1_ce0         | out |    1|  ap_memory |  weight_buffer_12_1  |     array    |
|weight_buffer_12_1_we0         | out |    1|  ap_memory |  weight_buffer_12_1  |     array    |
|weight_buffer_12_1_d0          | out |   16|  ap_memory |  weight_buffer_12_1  |     array    |
|weight_buffer_12_2_address0    | out |    4|  ap_memory |  weight_buffer_12_2  |     array    |
|weight_buffer_12_2_ce0         | out |    1|  ap_memory |  weight_buffer_12_2  |     array    |
|weight_buffer_12_2_we0         | out |    1|  ap_memory |  weight_buffer_12_2  |     array    |
|weight_buffer_12_2_d0          | out |   16|  ap_memory |  weight_buffer_12_2  |     array    |
|weight_buffer_12_3_address0    | out |    4|  ap_memory |  weight_buffer_12_3  |     array    |
|weight_buffer_12_3_ce0         | out |    1|  ap_memory |  weight_buffer_12_3  |     array    |
|weight_buffer_12_3_we0         | out |    1|  ap_memory |  weight_buffer_12_3  |     array    |
|weight_buffer_12_3_d0          | out |   16|  ap_memory |  weight_buffer_12_3  |     array    |
|weight_buffer_13_0_address0    | out |    4|  ap_memory |  weight_buffer_13_0  |     array    |
|weight_buffer_13_0_ce0         | out |    1|  ap_memory |  weight_buffer_13_0  |     array    |
|weight_buffer_13_0_we0         | out |    1|  ap_memory |  weight_buffer_13_0  |     array    |
|weight_buffer_13_0_d0          | out |   16|  ap_memory |  weight_buffer_13_0  |     array    |
|weight_buffer_13_1_address0    | out |    4|  ap_memory |  weight_buffer_13_1  |     array    |
|weight_buffer_13_1_ce0         | out |    1|  ap_memory |  weight_buffer_13_1  |     array    |
|weight_buffer_13_1_we0         | out |    1|  ap_memory |  weight_buffer_13_1  |     array    |
|weight_buffer_13_1_d0          | out |   16|  ap_memory |  weight_buffer_13_1  |     array    |
|weight_buffer_13_2_address0    | out |    4|  ap_memory |  weight_buffer_13_2  |     array    |
|weight_buffer_13_2_ce0         | out |    1|  ap_memory |  weight_buffer_13_2  |     array    |
|weight_buffer_13_2_we0         | out |    1|  ap_memory |  weight_buffer_13_2  |     array    |
|weight_buffer_13_2_d0          | out |   16|  ap_memory |  weight_buffer_13_2  |     array    |
|weight_buffer_13_3_address0    | out |    4|  ap_memory |  weight_buffer_13_3  |     array    |
|weight_buffer_13_3_ce0         | out |    1|  ap_memory |  weight_buffer_13_3  |     array    |
|weight_buffer_13_3_we0         | out |    1|  ap_memory |  weight_buffer_13_3  |     array    |
|weight_buffer_13_3_d0          | out |   16|  ap_memory |  weight_buffer_13_3  |     array    |
|weight_buffer_14_0_address0    | out |    4|  ap_memory |  weight_buffer_14_0  |     array    |
|weight_buffer_14_0_ce0         | out |    1|  ap_memory |  weight_buffer_14_0  |     array    |
|weight_buffer_14_0_we0         | out |    1|  ap_memory |  weight_buffer_14_0  |     array    |
|weight_buffer_14_0_d0          | out |   16|  ap_memory |  weight_buffer_14_0  |     array    |
|weight_buffer_14_1_address0    | out |    4|  ap_memory |  weight_buffer_14_1  |     array    |
|weight_buffer_14_1_ce0         | out |    1|  ap_memory |  weight_buffer_14_1  |     array    |
|weight_buffer_14_1_we0         | out |    1|  ap_memory |  weight_buffer_14_1  |     array    |
|weight_buffer_14_1_d0          | out |   16|  ap_memory |  weight_buffer_14_1  |     array    |
|weight_buffer_14_2_address0    | out |    4|  ap_memory |  weight_buffer_14_2  |     array    |
|weight_buffer_14_2_ce0         | out |    1|  ap_memory |  weight_buffer_14_2  |     array    |
|weight_buffer_14_2_we0         | out |    1|  ap_memory |  weight_buffer_14_2  |     array    |
|weight_buffer_14_2_d0          | out |   16|  ap_memory |  weight_buffer_14_2  |     array    |
|weight_buffer_14_3_address0    | out |    4|  ap_memory |  weight_buffer_14_3  |     array    |
|weight_buffer_14_3_ce0         | out |    1|  ap_memory |  weight_buffer_14_3  |     array    |
|weight_buffer_14_3_we0         | out |    1|  ap_memory |  weight_buffer_14_3  |     array    |
|weight_buffer_14_3_d0          | out |   16|  ap_memory |  weight_buffer_14_3  |     array    |
|weight_buffer_15_0_address0    | out |    4|  ap_memory |  weight_buffer_15_0  |     array    |
|weight_buffer_15_0_ce0         | out |    1|  ap_memory |  weight_buffer_15_0  |     array    |
|weight_buffer_15_0_we0         | out |    1|  ap_memory |  weight_buffer_15_0  |     array    |
|weight_buffer_15_0_d0          | out |   16|  ap_memory |  weight_buffer_15_0  |     array    |
|weight_buffer_15_1_address0    | out |    4|  ap_memory |  weight_buffer_15_1  |     array    |
|weight_buffer_15_1_ce0         | out |    1|  ap_memory |  weight_buffer_15_1  |     array    |
|weight_buffer_15_1_we0         | out |    1|  ap_memory |  weight_buffer_15_1  |     array    |
|weight_buffer_15_1_d0          | out |   16|  ap_memory |  weight_buffer_15_1  |     array    |
|weight_buffer_15_2_address0    | out |    4|  ap_memory |  weight_buffer_15_2  |     array    |
|weight_buffer_15_2_ce0         | out |    1|  ap_memory |  weight_buffer_15_2  |     array    |
|weight_buffer_15_2_we0         | out |    1|  ap_memory |  weight_buffer_15_2  |     array    |
|weight_buffer_15_2_d0          | out |   16|  ap_memory |  weight_buffer_15_2  |     array    |
|weight_buffer_15_3_address0    | out |    4|  ap_memory |  weight_buffer_15_3  |     array    |
|weight_buffer_15_3_ce0         | out |    1|  ap_memory |  weight_buffer_15_3  |     array    |
|weight_buffer_15_3_we0         | out |    1|  ap_memory |  weight_buffer_15_3  |     array    |
|weight_buffer_15_3_d0          | out |   16|  ap_memory |  weight_buffer_15_3  |     array    |
|weight_buffer_16_0_address0    | out |    4|  ap_memory |  weight_buffer_16_0  |     array    |
|weight_buffer_16_0_ce0         | out |    1|  ap_memory |  weight_buffer_16_0  |     array    |
|weight_buffer_16_0_we0         | out |    1|  ap_memory |  weight_buffer_16_0  |     array    |
|weight_buffer_16_0_d0          | out |   16|  ap_memory |  weight_buffer_16_0  |     array    |
|weight_buffer_16_1_address0    | out |    4|  ap_memory |  weight_buffer_16_1  |     array    |
|weight_buffer_16_1_ce0         | out |    1|  ap_memory |  weight_buffer_16_1  |     array    |
|weight_buffer_16_1_we0         | out |    1|  ap_memory |  weight_buffer_16_1  |     array    |
|weight_buffer_16_1_d0          | out |   16|  ap_memory |  weight_buffer_16_1  |     array    |
|weight_buffer_16_2_address0    | out |    4|  ap_memory |  weight_buffer_16_2  |     array    |
|weight_buffer_16_2_ce0         | out |    1|  ap_memory |  weight_buffer_16_2  |     array    |
|weight_buffer_16_2_we0         | out |    1|  ap_memory |  weight_buffer_16_2  |     array    |
|weight_buffer_16_2_d0          | out |   16|  ap_memory |  weight_buffer_16_2  |     array    |
|weight_buffer_16_3_address0    | out |    4|  ap_memory |  weight_buffer_16_3  |     array    |
|weight_buffer_16_3_ce0         | out |    1|  ap_memory |  weight_buffer_16_3  |     array    |
|weight_buffer_16_3_we0         | out |    1|  ap_memory |  weight_buffer_16_3  |     array    |
|weight_buffer_16_3_d0          | out |   16|  ap_memory |  weight_buffer_16_3  |     array    |
|weight_buffer_17_0_address0    | out |    4|  ap_memory |  weight_buffer_17_0  |     array    |
|weight_buffer_17_0_ce0         | out |    1|  ap_memory |  weight_buffer_17_0  |     array    |
|weight_buffer_17_0_we0         | out |    1|  ap_memory |  weight_buffer_17_0  |     array    |
|weight_buffer_17_0_d0          | out |   16|  ap_memory |  weight_buffer_17_0  |     array    |
|weight_buffer_17_1_address0    | out |    4|  ap_memory |  weight_buffer_17_1  |     array    |
|weight_buffer_17_1_ce0         | out |    1|  ap_memory |  weight_buffer_17_1  |     array    |
|weight_buffer_17_1_we0         | out |    1|  ap_memory |  weight_buffer_17_1  |     array    |
|weight_buffer_17_1_d0          | out |   16|  ap_memory |  weight_buffer_17_1  |     array    |
|weight_buffer_17_2_address0    | out |    4|  ap_memory |  weight_buffer_17_2  |     array    |
|weight_buffer_17_2_ce0         | out |    1|  ap_memory |  weight_buffer_17_2  |     array    |
|weight_buffer_17_2_we0         | out |    1|  ap_memory |  weight_buffer_17_2  |     array    |
|weight_buffer_17_2_d0          | out |   16|  ap_memory |  weight_buffer_17_2  |     array    |
|weight_buffer_17_3_address0    | out |    4|  ap_memory |  weight_buffer_17_3  |     array    |
|weight_buffer_17_3_ce0         | out |    1|  ap_memory |  weight_buffer_17_3  |     array    |
|weight_buffer_17_3_we0         | out |    1|  ap_memory |  weight_buffer_17_3  |     array    |
|weight_buffer_17_3_d0          | out |   16|  ap_memory |  weight_buffer_17_3  |     array    |
|weight_buffer_18_0_address0    | out |    4|  ap_memory |  weight_buffer_18_0  |     array    |
|weight_buffer_18_0_ce0         | out |    1|  ap_memory |  weight_buffer_18_0  |     array    |
|weight_buffer_18_0_we0         | out |    1|  ap_memory |  weight_buffer_18_0  |     array    |
|weight_buffer_18_0_d0          | out |   16|  ap_memory |  weight_buffer_18_0  |     array    |
|weight_buffer_18_1_address0    | out |    4|  ap_memory |  weight_buffer_18_1  |     array    |
|weight_buffer_18_1_ce0         | out |    1|  ap_memory |  weight_buffer_18_1  |     array    |
|weight_buffer_18_1_we0         | out |    1|  ap_memory |  weight_buffer_18_1  |     array    |
|weight_buffer_18_1_d0          | out |   16|  ap_memory |  weight_buffer_18_1  |     array    |
|weight_buffer_18_2_address0    | out |    4|  ap_memory |  weight_buffer_18_2  |     array    |
|weight_buffer_18_2_ce0         | out |    1|  ap_memory |  weight_buffer_18_2  |     array    |
|weight_buffer_18_2_we0         | out |    1|  ap_memory |  weight_buffer_18_2  |     array    |
|weight_buffer_18_2_d0          | out |   16|  ap_memory |  weight_buffer_18_2  |     array    |
|weight_buffer_18_3_address0    | out |    4|  ap_memory |  weight_buffer_18_3  |     array    |
|weight_buffer_18_3_ce0         | out |    1|  ap_memory |  weight_buffer_18_3  |     array    |
|weight_buffer_18_3_we0         | out |    1|  ap_memory |  weight_buffer_18_3  |     array    |
|weight_buffer_18_3_d0          | out |   16|  ap_memory |  weight_buffer_18_3  |     array    |
|weight_buffer_19_0_address0    | out |    4|  ap_memory |  weight_buffer_19_0  |     array    |
|weight_buffer_19_0_ce0         | out |    1|  ap_memory |  weight_buffer_19_0  |     array    |
|weight_buffer_19_0_we0         | out |    1|  ap_memory |  weight_buffer_19_0  |     array    |
|weight_buffer_19_0_d0          | out |   16|  ap_memory |  weight_buffer_19_0  |     array    |
|weight_buffer_19_1_address0    | out |    4|  ap_memory |  weight_buffer_19_1  |     array    |
|weight_buffer_19_1_ce0         | out |    1|  ap_memory |  weight_buffer_19_1  |     array    |
|weight_buffer_19_1_we0         | out |    1|  ap_memory |  weight_buffer_19_1  |     array    |
|weight_buffer_19_1_d0          | out |   16|  ap_memory |  weight_buffer_19_1  |     array    |
|weight_buffer_19_2_address0    | out |    4|  ap_memory |  weight_buffer_19_2  |     array    |
|weight_buffer_19_2_ce0         | out |    1|  ap_memory |  weight_buffer_19_2  |     array    |
|weight_buffer_19_2_we0         | out |    1|  ap_memory |  weight_buffer_19_2  |     array    |
|weight_buffer_19_2_d0          | out |   16|  ap_memory |  weight_buffer_19_2  |     array    |
|weight_buffer_19_3_address0    | out |    4|  ap_memory |  weight_buffer_19_3  |     array    |
|weight_buffer_19_3_ce0         | out |    1|  ap_memory |  weight_buffer_19_3  |     array    |
|weight_buffer_19_3_we0         | out |    1|  ap_memory |  weight_buffer_19_3  |     array    |
|weight_buffer_19_3_d0          | out |   16|  ap_memory |  weight_buffer_19_3  |     array    |
|weight_buffer_20_0_address0    | out |    4|  ap_memory |  weight_buffer_20_0  |     array    |
|weight_buffer_20_0_ce0         | out |    1|  ap_memory |  weight_buffer_20_0  |     array    |
|weight_buffer_20_0_we0         | out |    1|  ap_memory |  weight_buffer_20_0  |     array    |
|weight_buffer_20_0_d0          | out |   16|  ap_memory |  weight_buffer_20_0  |     array    |
|weight_buffer_20_1_address0    | out |    4|  ap_memory |  weight_buffer_20_1  |     array    |
|weight_buffer_20_1_ce0         | out |    1|  ap_memory |  weight_buffer_20_1  |     array    |
|weight_buffer_20_1_we0         | out |    1|  ap_memory |  weight_buffer_20_1  |     array    |
|weight_buffer_20_1_d0          | out |   16|  ap_memory |  weight_buffer_20_1  |     array    |
|weight_buffer_20_2_address0    | out |    4|  ap_memory |  weight_buffer_20_2  |     array    |
|weight_buffer_20_2_ce0         | out |    1|  ap_memory |  weight_buffer_20_2  |     array    |
|weight_buffer_20_2_we0         | out |    1|  ap_memory |  weight_buffer_20_2  |     array    |
|weight_buffer_20_2_d0          | out |   16|  ap_memory |  weight_buffer_20_2  |     array    |
|weight_buffer_20_3_address0    | out |    4|  ap_memory |  weight_buffer_20_3  |     array    |
|weight_buffer_20_3_ce0         | out |    1|  ap_memory |  weight_buffer_20_3  |     array    |
|weight_buffer_20_3_we0         | out |    1|  ap_memory |  weight_buffer_20_3  |     array    |
|weight_buffer_20_3_d0          | out |   16|  ap_memory |  weight_buffer_20_3  |     array    |
|weight_buffer_21_0_address0    | out |    4|  ap_memory |  weight_buffer_21_0  |     array    |
|weight_buffer_21_0_ce0         | out |    1|  ap_memory |  weight_buffer_21_0  |     array    |
|weight_buffer_21_0_we0         | out |    1|  ap_memory |  weight_buffer_21_0  |     array    |
|weight_buffer_21_0_d0          | out |   16|  ap_memory |  weight_buffer_21_0  |     array    |
|weight_buffer_21_1_address0    | out |    4|  ap_memory |  weight_buffer_21_1  |     array    |
|weight_buffer_21_1_ce0         | out |    1|  ap_memory |  weight_buffer_21_1  |     array    |
|weight_buffer_21_1_we0         | out |    1|  ap_memory |  weight_buffer_21_1  |     array    |
|weight_buffer_21_1_d0          | out |   16|  ap_memory |  weight_buffer_21_1  |     array    |
|weight_buffer_21_2_address0    | out |    4|  ap_memory |  weight_buffer_21_2  |     array    |
|weight_buffer_21_2_ce0         | out |    1|  ap_memory |  weight_buffer_21_2  |     array    |
|weight_buffer_21_2_we0         | out |    1|  ap_memory |  weight_buffer_21_2  |     array    |
|weight_buffer_21_2_d0          | out |   16|  ap_memory |  weight_buffer_21_2  |     array    |
|weight_buffer_21_3_address0    | out |    4|  ap_memory |  weight_buffer_21_3  |     array    |
|weight_buffer_21_3_ce0         | out |    1|  ap_memory |  weight_buffer_21_3  |     array    |
|weight_buffer_21_3_we0         | out |    1|  ap_memory |  weight_buffer_21_3  |     array    |
|weight_buffer_21_3_d0          | out |   16|  ap_memory |  weight_buffer_21_3  |     array    |
|weight_buffer_22_0_address0    | out |    4|  ap_memory |  weight_buffer_22_0  |     array    |
|weight_buffer_22_0_ce0         | out |    1|  ap_memory |  weight_buffer_22_0  |     array    |
|weight_buffer_22_0_we0         | out |    1|  ap_memory |  weight_buffer_22_0  |     array    |
|weight_buffer_22_0_d0          | out |   16|  ap_memory |  weight_buffer_22_0  |     array    |
|weight_buffer_22_1_address0    | out |    4|  ap_memory |  weight_buffer_22_1  |     array    |
|weight_buffer_22_1_ce0         | out |    1|  ap_memory |  weight_buffer_22_1  |     array    |
|weight_buffer_22_1_we0         | out |    1|  ap_memory |  weight_buffer_22_1  |     array    |
|weight_buffer_22_1_d0          | out |   16|  ap_memory |  weight_buffer_22_1  |     array    |
|weight_buffer_22_2_address0    | out |    4|  ap_memory |  weight_buffer_22_2  |     array    |
|weight_buffer_22_2_ce0         | out |    1|  ap_memory |  weight_buffer_22_2  |     array    |
|weight_buffer_22_2_we0         | out |    1|  ap_memory |  weight_buffer_22_2  |     array    |
|weight_buffer_22_2_d0          | out |   16|  ap_memory |  weight_buffer_22_2  |     array    |
|weight_buffer_22_3_address0    | out |    4|  ap_memory |  weight_buffer_22_3  |     array    |
|weight_buffer_22_3_ce0         | out |    1|  ap_memory |  weight_buffer_22_3  |     array    |
|weight_buffer_22_3_we0         | out |    1|  ap_memory |  weight_buffer_22_3  |     array    |
|weight_buffer_22_3_d0          | out |   16|  ap_memory |  weight_buffer_22_3  |     array    |
|weight_buffer_23_0_address0    | out |    4|  ap_memory |  weight_buffer_23_0  |     array    |
|weight_buffer_23_0_ce0         | out |    1|  ap_memory |  weight_buffer_23_0  |     array    |
|weight_buffer_23_0_we0         | out |    1|  ap_memory |  weight_buffer_23_0  |     array    |
|weight_buffer_23_0_d0          | out |   16|  ap_memory |  weight_buffer_23_0  |     array    |
|weight_buffer_23_1_address0    | out |    4|  ap_memory |  weight_buffer_23_1  |     array    |
|weight_buffer_23_1_ce0         | out |    1|  ap_memory |  weight_buffer_23_1  |     array    |
|weight_buffer_23_1_we0         | out |    1|  ap_memory |  weight_buffer_23_1  |     array    |
|weight_buffer_23_1_d0          | out |   16|  ap_memory |  weight_buffer_23_1  |     array    |
|weight_buffer_23_2_address0    | out |    4|  ap_memory |  weight_buffer_23_2  |     array    |
|weight_buffer_23_2_ce0         | out |    1|  ap_memory |  weight_buffer_23_2  |     array    |
|weight_buffer_23_2_we0         | out |    1|  ap_memory |  weight_buffer_23_2  |     array    |
|weight_buffer_23_2_d0          | out |   16|  ap_memory |  weight_buffer_23_2  |     array    |
|weight_buffer_23_3_address0    | out |    4|  ap_memory |  weight_buffer_23_3  |     array    |
|weight_buffer_23_3_ce0         | out |    1|  ap_memory |  weight_buffer_23_3  |     array    |
|weight_buffer_23_3_we0         | out |    1|  ap_memory |  weight_buffer_23_3  |     array    |
|weight_buffer_23_3_d0          | out |   16|  ap_memory |  weight_buffer_23_3  |     array    |
|weight_buffer_24_0_address0    | out |    4|  ap_memory |  weight_buffer_24_0  |     array    |
|weight_buffer_24_0_ce0         | out |    1|  ap_memory |  weight_buffer_24_0  |     array    |
|weight_buffer_24_0_we0         | out |    1|  ap_memory |  weight_buffer_24_0  |     array    |
|weight_buffer_24_0_d0          | out |   16|  ap_memory |  weight_buffer_24_0  |     array    |
|weight_buffer_24_1_address0    | out |    4|  ap_memory |  weight_buffer_24_1  |     array    |
|weight_buffer_24_1_ce0         | out |    1|  ap_memory |  weight_buffer_24_1  |     array    |
|weight_buffer_24_1_we0         | out |    1|  ap_memory |  weight_buffer_24_1  |     array    |
|weight_buffer_24_1_d0          | out |   16|  ap_memory |  weight_buffer_24_1  |     array    |
|weight_buffer_24_2_address0    | out |    4|  ap_memory |  weight_buffer_24_2  |     array    |
|weight_buffer_24_2_ce0         | out |    1|  ap_memory |  weight_buffer_24_2  |     array    |
|weight_buffer_24_2_we0         | out |    1|  ap_memory |  weight_buffer_24_2  |     array    |
|weight_buffer_24_2_d0          | out |   16|  ap_memory |  weight_buffer_24_2  |     array    |
|weight_buffer_24_3_address0    | out |    4|  ap_memory |  weight_buffer_24_3  |     array    |
|weight_buffer_24_3_ce0         | out |    1|  ap_memory |  weight_buffer_24_3  |     array    |
|weight_buffer_24_3_we0         | out |    1|  ap_memory |  weight_buffer_24_3  |     array    |
|weight_buffer_24_3_d0          | out |   16|  ap_memory |  weight_buffer_24_3  |     array    |
|weight_buffer_25_0_address0    | out |    4|  ap_memory |  weight_buffer_25_0  |     array    |
|weight_buffer_25_0_ce0         | out |    1|  ap_memory |  weight_buffer_25_0  |     array    |
|weight_buffer_25_0_we0         | out |    1|  ap_memory |  weight_buffer_25_0  |     array    |
|weight_buffer_25_0_d0          | out |   16|  ap_memory |  weight_buffer_25_0  |     array    |
|weight_buffer_25_1_address0    | out |    4|  ap_memory |  weight_buffer_25_1  |     array    |
|weight_buffer_25_1_ce0         | out |    1|  ap_memory |  weight_buffer_25_1  |     array    |
|weight_buffer_25_1_we0         | out |    1|  ap_memory |  weight_buffer_25_1  |     array    |
|weight_buffer_25_1_d0          | out |   16|  ap_memory |  weight_buffer_25_1  |     array    |
|weight_buffer_25_2_address0    | out |    4|  ap_memory |  weight_buffer_25_2  |     array    |
|weight_buffer_25_2_ce0         | out |    1|  ap_memory |  weight_buffer_25_2  |     array    |
|weight_buffer_25_2_we0         | out |    1|  ap_memory |  weight_buffer_25_2  |     array    |
|weight_buffer_25_2_d0          | out |   16|  ap_memory |  weight_buffer_25_2  |     array    |
|weight_buffer_25_3_address0    | out |    4|  ap_memory |  weight_buffer_25_3  |     array    |
|weight_buffer_25_3_ce0         | out |    1|  ap_memory |  weight_buffer_25_3  |     array    |
|weight_buffer_25_3_we0         | out |    1|  ap_memory |  weight_buffer_25_3  |     array    |
|weight_buffer_25_3_d0          | out |   16|  ap_memory |  weight_buffer_25_3  |     array    |
|weight_buffer_26_0_address0    | out |    4|  ap_memory |  weight_buffer_26_0  |     array    |
|weight_buffer_26_0_ce0         | out |    1|  ap_memory |  weight_buffer_26_0  |     array    |
|weight_buffer_26_0_we0         | out |    1|  ap_memory |  weight_buffer_26_0  |     array    |
|weight_buffer_26_0_d0          | out |   16|  ap_memory |  weight_buffer_26_0  |     array    |
|weight_buffer_26_1_address0    | out |    4|  ap_memory |  weight_buffer_26_1  |     array    |
|weight_buffer_26_1_ce0         | out |    1|  ap_memory |  weight_buffer_26_1  |     array    |
|weight_buffer_26_1_we0         | out |    1|  ap_memory |  weight_buffer_26_1  |     array    |
|weight_buffer_26_1_d0          | out |   16|  ap_memory |  weight_buffer_26_1  |     array    |
|weight_buffer_26_2_address0    | out |    4|  ap_memory |  weight_buffer_26_2  |     array    |
|weight_buffer_26_2_ce0         | out |    1|  ap_memory |  weight_buffer_26_2  |     array    |
|weight_buffer_26_2_we0         | out |    1|  ap_memory |  weight_buffer_26_2  |     array    |
|weight_buffer_26_2_d0          | out |   16|  ap_memory |  weight_buffer_26_2  |     array    |
|weight_buffer_26_3_address0    | out |    4|  ap_memory |  weight_buffer_26_3  |     array    |
|weight_buffer_26_3_ce0         | out |    1|  ap_memory |  weight_buffer_26_3  |     array    |
|weight_buffer_26_3_we0         | out |    1|  ap_memory |  weight_buffer_26_3  |     array    |
|weight_buffer_26_3_d0          | out |   16|  ap_memory |  weight_buffer_26_3  |     array    |
|weight_buffer_27_0_address0    | out |    4|  ap_memory |  weight_buffer_27_0  |     array    |
|weight_buffer_27_0_ce0         | out |    1|  ap_memory |  weight_buffer_27_0  |     array    |
|weight_buffer_27_0_we0         | out |    1|  ap_memory |  weight_buffer_27_0  |     array    |
|weight_buffer_27_0_d0          | out |   16|  ap_memory |  weight_buffer_27_0  |     array    |
|weight_buffer_27_1_address0    | out |    4|  ap_memory |  weight_buffer_27_1  |     array    |
|weight_buffer_27_1_ce0         | out |    1|  ap_memory |  weight_buffer_27_1  |     array    |
|weight_buffer_27_1_we0         | out |    1|  ap_memory |  weight_buffer_27_1  |     array    |
|weight_buffer_27_1_d0          | out |   16|  ap_memory |  weight_buffer_27_1  |     array    |
|weight_buffer_27_2_address0    | out |    4|  ap_memory |  weight_buffer_27_2  |     array    |
|weight_buffer_27_2_ce0         | out |    1|  ap_memory |  weight_buffer_27_2  |     array    |
|weight_buffer_27_2_we0         | out |    1|  ap_memory |  weight_buffer_27_2  |     array    |
|weight_buffer_27_2_d0          | out |   16|  ap_memory |  weight_buffer_27_2  |     array    |
|weight_buffer_27_3_address0    | out |    4|  ap_memory |  weight_buffer_27_3  |     array    |
|weight_buffer_27_3_ce0         | out |    1|  ap_memory |  weight_buffer_27_3  |     array    |
|weight_buffer_27_3_we0         | out |    1|  ap_memory |  weight_buffer_27_3  |     array    |
|weight_buffer_27_3_d0          | out |   16|  ap_memory |  weight_buffer_27_3  |     array    |
|weight_buffer_28_0_address0    | out |    4|  ap_memory |  weight_buffer_28_0  |     array    |
|weight_buffer_28_0_ce0         | out |    1|  ap_memory |  weight_buffer_28_0  |     array    |
|weight_buffer_28_0_we0         | out |    1|  ap_memory |  weight_buffer_28_0  |     array    |
|weight_buffer_28_0_d0          | out |   16|  ap_memory |  weight_buffer_28_0  |     array    |
|weight_buffer_28_1_address0    | out |    4|  ap_memory |  weight_buffer_28_1  |     array    |
|weight_buffer_28_1_ce0         | out |    1|  ap_memory |  weight_buffer_28_1  |     array    |
|weight_buffer_28_1_we0         | out |    1|  ap_memory |  weight_buffer_28_1  |     array    |
|weight_buffer_28_1_d0          | out |   16|  ap_memory |  weight_buffer_28_1  |     array    |
|weight_buffer_28_2_address0    | out |    4|  ap_memory |  weight_buffer_28_2  |     array    |
|weight_buffer_28_2_ce0         | out |    1|  ap_memory |  weight_buffer_28_2  |     array    |
|weight_buffer_28_2_we0         | out |    1|  ap_memory |  weight_buffer_28_2  |     array    |
|weight_buffer_28_2_d0          | out |   16|  ap_memory |  weight_buffer_28_2  |     array    |
|weight_buffer_28_3_address0    | out |    4|  ap_memory |  weight_buffer_28_3  |     array    |
|weight_buffer_28_3_ce0         | out |    1|  ap_memory |  weight_buffer_28_3  |     array    |
|weight_buffer_28_3_we0         | out |    1|  ap_memory |  weight_buffer_28_3  |     array    |
|weight_buffer_28_3_d0          | out |   16|  ap_memory |  weight_buffer_28_3  |     array    |
|weight_buffer_29_0_address0    | out |    4|  ap_memory |  weight_buffer_29_0  |     array    |
|weight_buffer_29_0_ce0         | out |    1|  ap_memory |  weight_buffer_29_0  |     array    |
|weight_buffer_29_0_we0         | out |    1|  ap_memory |  weight_buffer_29_0  |     array    |
|weight_buffer_29_0_d0          | out |   16|  ap_memory |  weight_buffer_29_0  |     array    |
|weight_buffer_29_1_address0    | out |    4|  ap_memory |  weight_buffer_29_1  |     array    |
|weight_buffer_29_1_ce0         | out |    1|  ap_memory |  weight_buffer_29_1  |     array    |
|weight_buffer_29_1_we0         | out |    1|  ap_memory |  weight_buffer_29_1  |     array    |
|weight_buffer_29_1_d0          | out |   16|  ap_memory |  weight_buffer_29_1  |     array    |
|weight_buffer_29_2_address0    | out |    4|  ap_memory |  weight_buffer_29_2  |     array    |
|weight_buffer_29_2_ce0         | out |    1|  ap_memory |  weight_buffer_29_2  |     array    |
|weight_buffer_29_2_we0         | out |    1|  ap_memory |  weight_buffer_29_2  |     array    |
|weight_buffer_29_2_d0          | out |   16|  ap_memory |  weight_buffer_29_2  |     array    |
|weight_buffer_29_3_address0    | out |    4|  ap_memory |  weight_buffer_29_3  |     array    |
|weight_buffer_29_3_ce0         | out |    1|  ap_memory |  weight_buffer_29_3  |     array    |
|weight_buffer_29_3_we0         | out |    1|  ap_memory |  weight_buffer_29_3  |     array    |
|weight_buffer_29_3_d0          | out |   16|  ap_memory |  weight_buffer_29_3  |     array    |
|weight_buffer_30_0_address0    | out |    4|  ap_memory |  weight_buffer_30_0  |     array    |
|weight_buffer_30_0_ce0         | out |    1|  ap_memory |  weight_buffer_30_0  |     array    |
|weight_buffer_30_0_we0         | out |    1|  ap_memory |  weight_buffer_30_0  |     array    |
|weight_buffer_30_0_d0          | out |   16|  ap_memory |  weight_buffer_30_0  |     array    |
|weight_buffer_30_1_address0    | out |    4|  ap_memory |  weight_buffer_30_1  |     array    |
|weight_buffer_30_1_ce0         | out |    1|  ap_memory |  weight_buffer_30_1  |     array    |
|weight_buffer_30_1_we0         | out |    1|  ap_memory |  weight_buffer_30_1  |     array    |
|weight_buffer_30_1_d0          | out |   16|  ap_memory |  weight_buffer_30_1  |     array    |
|weight_buffer_30_2_address0    | out |    4|  ap_memory |  weight_buffer_30_2  |     array    |
|weight_buffer_30_2_ce0         | out |    1|  ap_memory |  weight_buffer_30_2  |     array    |
|weight_buffer_30_2_we0         | out |    1|  ap_memory |  weight_buffer_30_2  |     array    |
|weight_buffer_30_2_d0          | out |   16|  ap_memory |  weight_buffer_30_2  |     array    |
|weight_buffer_30_3_address0    | out |    4|  ap_memory |  weight_buffer_30_3  |     array    |
|weight_buffer_30_3_ce0         | out |    1|  ap_memory |  weight_buffer_30_3  |     array    |
|weight_buffer_30_3_we0         | out |    1|  ap_memory |  weight_buffer_30_3  |     array    |
|weight_buffer_30_3_d0          | out |   16|  ap_memory |  weight_buffer_30_3  |     array    |
|weight_buffer_31_0_address0    | out |    4|  ap_memory |  weight_buffer_31_0  |     array    |
|weight_buffer_31_0_ce0         | out |    1|  ap_memory |  weight_buffer_31_0  |     array    |
|weight_buffer_31_0_we0         | out |    1|  ap_memory |  weight_buffer_31_0  |     array    |
|weight_buffer_31_0_d0          | out |   16|  ap_memory |  weight_buffer_31_0  |     array    |
|weight_buffer_31_1_address0    | out |    4|  ap_memory |  weight_buffer_31_1  |     array    |
|weight_buffer_31_1_ce0         | out |    1|  ap_memory |  weight_buffer_31_1  |     array    |
|weight_buffer_31_1_we0         | out |    1|  ap_memory |  weight_buffer_31_1  |     array    |
|weight_buffer_31_1_d0          | out |   16|  ap_memory |  weight_buffer_31_1  |     array    |
|weight_buffer_31_2_address0    | out |    4|  ap_memory |  weight_buffer_31_2  |     array    |
|weight_buffer_31_2_ce0         | out |    1|  ap_memory |  weight_buffer_31_2  |     array    |
|weight_buffer_31_2_we0         | out |    1|  ap_memory |  weight_buffer_31_2  |     array    |
|weight_buffer_31_2_d0          | out |   16|  ap_memory |  weight_buffer_31_2  |     array    |
|weight_buffer_31_3_address0    | out |    4|  ap_memory |  weight_buffer_31_3  |     array    |
|weight_buffer_31_3_ce0         | out |    1|  ap_memory |  weight_buffer_31_3  |     array    |
|weight_buffer_31_3_we0         | out |    1|  ap_memory |  weight_buffer_31_3  |     array    |
|weight_buffer_31_3_d0          | out |   16|  ap_memory |  weight_buffer_31_3  |     array    |
|t3_V                           |  in |    3|   ap_none  |         t3_V         |    scalar    |
|t4_V                           |  in |    3|   ap_none  |         t4_V         |    scalar    |
|TM_MIN_V                       |  in |    6|   ap_none  |       TM_MIN_V       |    scalar    |
|TN_MIN_V                       |  in |    3|   ap_none  |       TN_MIN_V       |    scalar    |
|enable                         |  in |    1|   ap_none  |        enable        |    scalar    |
+-------------------------------+-----+-----+------------+----------------------+--------------+

